---
source: tests/tui_snapshots.rs
expression: output
---
📋  Snapshot Spec                                                                          
Created by tests • 1970-01-01 00:00                                                       
Controls: P Pause · R Rerun · A Abort · H History · Enter Drawer                          
                                                                                          
History (H to toggle):                                                                    
✓ Step 1 · Completed step 1                                                               
  Tests: test-step-1(Pass)                                                                
  Artifacts: file1.rs                                                                     
✓ Step 2 · Completed step 2                                                               
  Tests: test-step-2(Pass)                                                                
  Artifacts: file2.rs
