---
source: tests/tui_snapshots.rs
expression: output
---
📋  Snapshot Spec                                                                          
Created by tests • 1970-01-01 00:00                                                       
Controls: P Pause · R Rerun · A Abort · H History · Enter Drawer                          
                                                                                          
● Step 1: Feature                                                                         
◐ Step 2: Feature                                                                         
  Instructions:                                                                           
  ↳ Implement part 2                                                                      
  Acceptance criteria:                                                                    
  • Criteria 2                                                                            
  Depends on: 1                                                                           
  Latest: Completed step 2                                                                
  Tests: test-step-2(Pass)                                                                
  Artifacts: file2.rs                                                                     
  Verification: Passed                                                                    
○ Step 3: Feature
